✅ PAJ SDK initialized (production)

🚀 Velcro Backend v1.2.0 running at: http://localhost:3000
🔌 Switch Base URL: https://api.onswitch.xyz
💰 Developer Fee: 0.5%
🌍 Supported: NG (NGN) only
🍃 Database: MongoDB

⚠️  MongoDB disconnected
❌ MongoDB Connection Error: connect ECONNREFUSED 127.0.0.1:27017
⚠️  Running without database persistence. Core API still works.
⏭️  DB read skipped (MongoDB unavailable)
⏭️  DB read skipped (MongoDB unavailable)
⏭️  DB read skipped (MongoDB unavailable)
⏭️  DB read skipped (MongoDB unavailable)
⏭️  DB read skipped (MongoDB unavailable)
⏭️  DB read skipped (MongoDB unavailable)
⏭️  DB read skipped (MongoDB unavailable)
⏭️  DB read skipped (MongoDB unavailable)
⏭️  DB read skipped (MongoDB unavailable)
⏭️  DB read skipped (MongoDB unavailable)
⏭️  DB read skipped (MongoDB unavailable)
⏭️  DB read skipped (MongoDB unavailable)
⏭️  DB read skipped (MongoDB unavailable)
⏭️  DB read skipped (MongoDB unavailable)
⏭️  DB read skipped (MongoDB unavailable)
⏭️  DB read skipped (MongoDB unavailable)
⏭️  DB read skipped (MongoDB unavailable)
⏭️  DB read skipped (MongoDB unavailable)
⏭️  DB read skipped (MongoDB unavailable)
⏭️  DB read skipped (MongoDB unavailable)
⏭️  DB read skipped (MongoDB unavailable)
⏭️  DB read skipped (MongoDB unavailable)
⏭️  DB read skipped (MongoDB unavailable)
⏭️  DB read skipped (MongoDB unavailable)
⏭️  DB read skipped (MongoDB unavailable)
⏭️  DB read skipped (MongoDB unavailable)
⏭️  DB read skipped (MongoDB unavailable)
⏭️  DB read skipped (MongoDB unavailable)
⏭️  DB read skipped (MongoDB unavailable)
[Retry 1/2] /requirement?direction=OFFRAMP&country=NG&currency=NGN — waiting 1000ms...
[Retry 1/2] /asset — waiting 1000ms...
[Retry 1/2] /asset — waiting 1000ms...
[Retry 1/2] /requirement?direction=OFFRAMP&country=NG&currency=NGN — waiting 1000ms...
[Retry 2/2] /asset — waiting 2000ms...
[Retry 2/2] /asset — waiting 2000ms...
[Retry 2/2] /requirement?direction=OFFRAMP&country=NG&currency=NGN — waiting 2000ms...
⚠️  Switch /api/assets failed: fetch failed
⚠️  Switch /api/assets failed: fetch failed
⚠️  Switch /api/requirements failed: Connection pool for autorack.proxy.rlwy.net:16940 was cleared because another operation failed with: "connection 4585 to 66.33.22.239:16940 timed out"
⚠️  Switch /api/requirements failed: Connection pool for autorack.proxy.rlwy.net:16940 was cleared because another operation failed with: "connection 4585 to 66.33.22.239:16940 timed out"
⏭️  DB read skipped (MongoDB unavailable)
⏭️  DB read skipped (MongoDB unavailable)
⏭️  DB read skipped (MongoDB unavailable)
⏭️  DB read skipped (MongoDB unavailable)
⏭️  DB read skipped (MongoDB unavailable)
⏭️  DB read skipped (MongoDB unavailable)
⏭️  DB read skipped (MongoDB unavailable)
⏭️  DB read skipped (MongoDB unavailable)
⏭️  DB read skipped (MongoDB unavailable)
⏭️  DB read skipped (MongoDB unavailable)
⏭️  DB read skipped (MongoDB unavailable)
⏭️  DB read skipped (MongoDB unavailable)
⏭️  DB read skipped (MongoDB unavailable)
⏭️  DB read skipped (MongoDB unavailable)
⏭️  DB read skipped (MongoDB unavailable)
⏭️  DB read skipped (MongoDB unavailable)
⏭️  DB read skipped (MongoDB unavailable)
⏭️  DB read skipped (MongoDB unavailable)
⏭️  DB read skipped (MongoDB unavailable)
⏭️  DB read skipped (MongoDB unavailable)
⏭️  DB read skipped (MongoDB unavailable)
⏭️  DB read skipped (MongoDB unavailable)
⏭️  DB read skipped (MongoDB unavailable)
⏭️  DB read skipped (MongoDB unavailable)
⏭️  DB read skipped (MongoDB unavailable)
⏭️  DB read skipped (MongoDB unavailable)
⏭️  DB read skipped (MongoDB unavailable)
⏭️  DB read skipped (MongoDB unavailable)
⏭️  DB read skipped (MongoDB unavailable)
⏭️  DB read skipped (MongoDB unavailable)
⏭️  DB read skipped (MongoDB unavailable)
⏭️  DB read skipped (MongoDB unavailable)
⏭️  DB read skipped (MongoDB unavailable)
⏭️  DB read skipped (MongoDB unavailable)
⏭️  DB read skipped (MongoDB unavailable)
⏭️  DB read skipped (MongoDB unavailable)
⏭️  DB read skipped (MongoDB unavailable)
⏭️  DB read skipped (MongoDB unavailable)
⏭️  DB read skipped (MongoDB unavailable)
⏭️  DB read skipped (MongoDB unavailable)
⏭️  DB read skipped (MongoDB unavailable)
⏭️  DB read skipped (MongoDB unavailable)
⏭️  DB read skipped (MongoDB unavailable)
⏭️  DB read skipped (MongoDB unavailable)
⏭️  DB read skipped (MongoDB unavailable)
⏭️  DB read skipped (MongoDB unavailable)
⏭️  DB read skipped (MongoDB unavailable)
⏭️  DB read skipped (MongoDB unavailable)
⏭️  DB read skipped (MongoDB unavailable)
⏭️  DB read skipped (MongoDB unavailable)
⏭️  DB read skipped (MongoDB unavailable)
⏭️  DB read skipped (MongoDB unavailable)
⏭️  DB read skipped (MongoDB unavailable)
⏭️  DB read skipped (MongoDB unavailable)
⏭️  DB read skipped (MongoDB unavailable)
⏭️  DB read skipped (MongoDB unavailable)
⏭️  DB read skipped (MongoDB unavailable)
⏭️  DB read skipped (MongoDB unavailable)
